MPLINK 5.09, LINKER
Linker Map File - Created Wed Dec 18 11:08:51 2019

                                 Section Info
                  Section       Type    Address   Location Size(Bytes)
                ---------  ---------  ---------  ---------  ---------
                   .org_0       code   0x000000    program   0x000002
                   .cinit    romdata   0x000001    program   0x000004
                   .org_1       code   0x000004    program   0x000066
.config_2007_BUILD/DEFAULT/PRODUCTION/SMP9_3.       code   0x002007    program   0x000002



                              Program Memory Usage 
                               Start         End      
                           ---------   ---------      
                            0x000000    0x000002      
                            0x000004    0x000036      
                            0x002007    0x002007      
            55 out of 1094 program addresses used, program memory utilization is 5%



                              Symbols - Sorted by Name
                     Name    Address   Location    Storage File                     
                ---------  ---------  ---------  --------- ---------                
                    CRECV   0x00001d    program     static C:\Users\tttar\MPLABXProjects\SMP9_3.X\SMP9_3.asm
                  CRECVLP   0x000021    program     static C:\Users\tttar\MPLABXProjects\SMP9_3.X\SMP9_3.asm
                    LOOP1   0x00002d    program     static C:\Users\tttar\MPLABXProjects\SMP9_3.X\SMP9_3.asm
                    LOOP2   0x000033    program     static C:\Users\tttar\MPLABXProjects\SMP9_3.X\SMP9_3.asm
                     MAIN   0x00000f    program     static C:\Users\tttar\MPLABXProjects\SMP9_3.X\SMP9_3.asm
                   MAINLP   0x000018    program     static C:\Users\tttar\MPLABXProjects\SMP9_3.X\SMP9_3.asm
                  TIME104   0x000031    program     static C:\Users\tttar\MPLABXProjects\SMP9_3.X\SMP9_3.asm
                  TIME156   0x00002b    program     static C:\Users\tttar\MPLABXProjects\SMP9_3.X\SMP9_3.asm



                              Symbols - Sorted by Address
                     Name    Address   Location    Storage File                     
                ---------  ---------  ---------  --------- ---------                
                     MAIN   0x00000f    program     static C:\Users\tttar\MPLABXProjects\SMP9_3.X\SMP9_3.asm
                   MAINLP   0x000018    program     static C:\Users\tttar\MPLABXProjects\SMP9_3.X\SMP9_3.asm
                    CRECV   0x00001d    program     static C:\Users\tttar\MPLABXProjects\SMP9_3.X\SMP9_3.asm
                  CRECVLP   0x000021    program     static C:\Users\tttar\MPLABXProjects\SMP9_3.X\SMP9_3.asm
                  TIME156   0x00002b    program     static C:\Users\tttar\MPLABXProjects\SMP9_3.X\SMP9_3.asm
                    LOOP1   0x00002d    program     static C:\Users\tttar\MPLABXProjects\SMP9_3.X\SMP9_3.asm
                  TIME104   0x000031    program     static C:\Users\tttar\MPLABXProjects\SMP9_3.X\SMP9_3.asm
                    LOOP2   0x000033    program     static C:\Users\tttar\MPLABXProjects\SMP9_3.X\SMP9_3.asm


