MPLINK 5.09, LINKER
Linker Map File - Created Wed Jan 15 12:16:13 2020

                                 Section Info
                  Section       Type    Address   Location Size(Bytes)
                ---------  ---------  ---------  ---------  ---------
                   .org_0       code   0x000000    program   0x000002
                   .cinit    romdata   0x000001    program   0x000004
                   .org_1       code   0x000004    program   0x000092
.config_2007_BUILD/DEFAULT/PRODUCTION/SMP9_4.       code   0x002007    program   0x000002



                              Program Memory Usage 
                               Start         End      
                           ---------   ---------      
                            0x000000    0x000002      
                            0x000004    0x00004c      
                            0x002007    0x002007      
            77 out of 1094 program addresses used, program memory utilization is 7%



                              Symbols - Sorted by Name
                     Name    Address   Location    Storage File                     
                ---------  ---------  ---------  --------- ---------                
                    CRECV   0x000033    program     static C:\Users\tttar\MPLABXProjects\SMP9_4.X\SMP9_4.asm
                  CRECVLP   0x000037    program     static C:\Users\tttar\MPLABXProjects\SMP9_4.X\SMP9_4.asm
                       L0   0x000027    program     static C:\Users\tttar\MPLABXProjects\SMP9_4.X\SMP9_4.asm
                       L1   0x00002a    program     static C:\Users\tttar\MPLABXProjects\SMP9_4.X\SMP9_4.asm
                       L2   0x00002d    program     static C:\Users\tttar\MPLABXProjects\SMP9_4.X\SMP9_4.asm
                       L3   0x000030    program     static C:\Users\tttar\MPLABXProjects\SMP9_4.X\SMP9_4.asm
                    LOOP1   0x000043    program     static C:\Users\tttar\MPLABXProjects\SMP9_4.X\SMP9_4.asm
                    LOOP2   0x000049    program     static C:\Users\tttar\MPLABXProjects\SMP9_4.X\SMP9_4.asm
                     MAIN   0x00000f    program     static C:\Users\tttar\MPLABXProjects\SMP9_4.X\SMP9_4.asm
                   MAINLP   0x000018    program     static C:\Users\tttar\MPLABXProjects\SMP9_4.X\SMP9_4.asm
                  TIME104   0x000047    program     static C:\Users\tttar\MPLABXProjects\SMP9_4.X\SMP9_4.asm
                  TIME156   0x000041    program     static C:\Users\tttar\MPLABXProjects\SMP9_4.X\SMP9_4.asm



                              Symbols - Sorted by Address
                     Name    Address   Location    Storage File                     
                ---------  ---------  ---------  --------- ---------                
                     MAIN   0x00000f    program     static C:\Users\tttar\MPLABXProjects\SMP9_4.X\SMP9_4.asm
                   MAINLP   0x000018    program     static C:\Users\tttar\MPLABXProjects\SMP9_4.X\SMP9_4.asm
                       L0   0x000027    program     static C:\Users\tttar\MPLABXProjects\SMP9_4.X\SMP9_4.asm
                       L1   0x00002a    program     static C:\Users\tttar\MPLABXProjects\SMP9_4.X\SMP9_4.asm
                       L2   0x00002d    program     static C:\Users\tttar\MPLABXProjects\SMP9_4.X\SMP9_4.asm
                       L3   0x000030    program     static C:\Users\tttar\MPLABXProjects\SMP9_4.X\SMP9_4.asm
                    CRECV   0x000033    program     static C:\Users\tttar\MPLABXProjects\SMP9_4.X\SMP9_4.asm
                  CRECVLP   0x000037    program     static C:\Users\tttar\MPLABXProjects\SMP9_4.X\SMP9_4.asm
                  TIME156   0x000041    program     static C:\Users\tttar\MPLABXProjects\SMP9_4.X\SMP9_4.asm
                    LOOP1   0x000043    program     static C:\Users\tttar\MPLABXProjects\SMP9_4.X\SMP9_4.asm
                  TIME104   0x000047    program     static C:\Users\tttar\MPLABXProjects\SMP9_4.X\SMP9_4.asm
                    LOOP2   0x000049    program     static C:\Users\tttar\MPLABXProjects\SMP9_4.X\SMP9_4.asm


