MPLINK 5.09, LINKER
Linker Map File - Created Wed Oct 02 11:43:18 2019

                                 Section Info
                  Section       Type    Address   Location Size(Bytes)
                ---------  ---------  ---------  ---------  ---------
                   .org_0       code   0x000000    program   0x000002
                   .cinit    romdata   0x000001    program   0x000004
                   .org_1       code   0x000004    program   0x000122
.config_2007_BUILD/DEFAULT/PRODUCTION/SMP7_1.       code   0x002007    program   0x000002



                              Program Memory Usage 
                               Start         End      
                           ---------   ---------      
                            0x000000    0x000002      
                            0x000004    0x000094      
                            0x002007    0x002007      
            149 out of 1094 program addresses used, program memory utilization is 13%



                              Symbols - Sorted by Name
                     Name    Address   Location    Storage File                     
                ---------  ---------  ---------  --------- ---------                
                      BCD   0x00002f    program     static C:\Users\tttar\MPLABXProjects\SMP7_1.X\SMP7_1.asm
                     MAIN   0x000013    program     static C:\Users\tttar\MPLABXProjects\SMP7_1.X\SMP7_1.asm
                   MAINLP   0x00001f    program     static C:\Users\tttar\MPLABXProjects\SMP7_1.X\SMP7_1.asm
                    OTHER   0x00000e    program     static C:\Users\tttar\MPLABXProjects\SMP7_1.X\SMP7_1.asm
                      POP   0x00000e    program     static C:\Users\tttar\MPLABXProjects\SMP7_1.X\SMP7_1.asm
                   TIME01   0x00002a    program     static C:\Users\tttar\MPLABXProjects\SMP7_1.X\SMP7_1.asm



                              Symbols - Sorted by Address
                     Name    Address   Location    Storage File                     
                ---------  ---------  ---------  --------- ---------                
                    OTHER   0x00000e    program     static C:\Users\tttar\MPLABXProjects\SMP7_1.X\SMP7_1.asm
                      POP   0x00000e    program     static C:\Users\tttar\MPLABXProjects\SMP7_1.X\SMP7_1.asm
                     MAIN   0x000013    program     static C:\Users\tttar\MPLABXProjects\SMP7_1.X\SMP7_1.asm
                   MAINLP   0x00001f    program     static C:\Users\tttar\MPLABXProjects\SMP7_1.X\SMP7_1.asm
                   TIME01   0x00002a    program     static C:\Users\tttar\MPLABXProjects\SMP7_1.X\SMP7_1.asm
                      BCD   0x00002f    program     static C:\Users\tttar\MPLABXProjects\SMP7_1.X\SMP7_1.asm


