MPLINK 5.09, LINKER
Linker Map File - Created Wed Dec 11 11:03:30 2019

                                 Section Info
                  Section       Type    Address   Location Size(Bytes)
                ---------  ---------  ---------  ---------  ---------
                   .org_0       code   0x000000    program   0x000002
                   .cinit    romdata   0x000001    program   0x000004
                   .org_1       code   0x000004    program   0x000056
.config_2007_BUILD/DEFAULT/PRODUCTION/SMP9_1.       code   0x002007    program   0x000002



                              Program Memory Usage 
                               Start         End      
                           ---------   ---------      
                            0x000000    0x000002      
                            0x000004    0x00002e      
                            0x002007    0x002007      
            47 out of 1094 program addresses used, program memory utilization is 4%



                              Symbols - Sorted by Name
                     Name    Address   Location    Storage File                     
                ---------  ---------  ---------  --------- ---------                
                    CSEND   0x000019    program     static C:\Users\tttar\MPLABXProjects\SMP9_1.X\SMP9_1.asm
                  CSENDLP   0x00001e    program     static C:\Users\tttar\MPLABXProjects\SMP9_1.X\SMP9_1.asm
                    LOOP2   0x00002b    program     static C:\Users\tttar\MPLABXProjects\SMP9_1.X\SMP9_1.asm
                     MAIN   0x00000f    program     static C:\Users\tttar\MPLABXProjects\SMP9_1.X\SMP9_1.asm
                   MAINLP   0x000018    program     static C:\Users\tttar\MPLABXProjects\SMP9_1.X\SMP9_1.asm
                  TIME104   0x000029    program     static C:\Users\tttar\MPLABXProjects\SMP9_1.X\SMP9_1.asm



                              Symbols - Sorted by Address
                     Name    Address   Location    Storage File                     
                ---------  ---------  ---------  --------- ---------                
                     MAIN   0x00000f    program     static C:\Users\tttar\MPLABXProjects\SMP9_1.X\SMP9_1.asm
                   MAINLP   0x000018    program     static C:\Users\tttar\MPLABXProjects\SMP9_1.X\SMP9_1.asm
                    CSEND   0x000019    program     static C:\Users\tttar\MPLABXProjects\SMP9_1.X\SMP9_1.asm
                  CSENDLP   0x00001e    program     static C:\Users\tttar\MPLABXProjects\SMP9_1.X\SMP9_1.asm
                  TIME104   0x000029    program     static C:\Users\tttar\MPLABXProjects\SMP9_1.X\SMP9_1.asm
                    LOOP2   0x00002b    program     static C:\Users\tttar\MPLABXProjects\SMP9_1.X\SMP9_1.asm


