MPLINK 5.09, LINKER
Linker Map File - Created Sun Nov 17 18:50:03 2019

                                 Section Info
                  Section       Type    Address   Location Size(Bytes)
                ---------  ---------  ---------  ---------  ---------
                   .org_0       code   0x000000    program   0x000120
                   .cinit    romdata   0x000090    program   0x000004
.config_2007_BUILD/DEFAULT/PRODUCTION/SMP8_2.       code   0x002007    program   0x000002



                              Program Memory Usage 
                               Start         End      
                           ---------   ---------      
                            0x000000    0x000091      
                            0x002007    0x002007      
            147 out of 2310 program addresses used, program memory utilization is 6%



                              Symbols - Sorted by Name
                     Name    Address   Location    Storage File                     
                ---------  ---------  ---------  --------- ---------                
                   ADLOOP   0x000010    program     static C:\Users\tttar\MPLABXProjects\SMP8_2.X\SMP8_2.asm
                  ADSTART   0x00000d    program     static C:\Users\tttar\MPLABXProjects\SMP8_2.X\SMP8_2.asm
                      BCD   0x00002a    program     static C:\Users\tttar\MPLABXProjects\SMP8_2.X\SMP8_2.asm
                     LOOP   0x000027    program     static C:\Users\tttar\MPLABXProjects\SMP8_2.X\SMP8_2.asm
                     MAIN   0x000000    program     static C:\Users\tttar\MPLABXProjects\SMP8_2.X\SMP8_2.asm
                   OUTPUT   0x00001f    program     static C:\Users\tttar\MPLABXProjects\SMP8_2.X\SMP8_2.asm
               OUTPUTCALC   0x000015    program     static C:\Users\tttar\MPLABXProjects\SMP8_2.X\SMP8_2.asm
                  TIME20U   0x000024    program     static C:\Users\tttar\MPLABXProjects\SMP8_2.X\SMP8_2.asm



                              Symbols - Sorted by Address
                     Name    Address   Location    Storage File                     
                ---------  ---------  ---------  --------- ---------                
                     MAIN   0x000000    program     static C:\Users\tttar\MPLABXProjects\SMP8_2.X\SMP8_2.asm
                  ADSTART   0x00000d    program     static C:\Users\tttar\MPLABXProjects\SMP8_2.X\SMP8_2.asm
                   ADLOOP   0x000010    program     static C:\Users\tttar\MPLABXProjects\SMP8_2.X\SMP8_2.asm
               OUTPUTCALC   0x000015    program     static C:\Users\tttar\MPLABXProjects\SMP8_2.X\SMP8_2.asm
                   OUTPUT   0x00001f    program     static C:\Users\tttar\MPLABXProjects\SMP8_2.X\SMP8_2.asm
                  TIME20U   0x000024    program     static C:\Users\tttar\MPLABXProjects\SMP8_2.X\SMP8_2.asm
                     LOOP   0x000027    program     static C:\Users\tttar\MPLABXProjects\SMP8_2.X\SMP8_2.asm
                      BCD   0x00002a    program     static C:\Users\tttar\MPLABXProjects\SMP8_2.X\SMP8_2.asm


