MPLINK 5.09, LINKER
Linker Map File - Created Wed Dec 11 12:15:42 2019

                                 Section Info
                  Section       Type    Address   Location Size(Bytes)
                ---------  ---------  ---------  ---------  ---------
                   .org_0       code   0x000000    program   0x000002
                   .cinit    romdata   0x000001    program   0x000004
                   .org_1       code   0x000004    program   0x0000be
.config_2007_BUILD/DEFAULT/PRODUCTION/SMP9_2.       code   0x002007    program   0x000002



                              Program Memory Usage 
                               Start         End      
                           ---------   ---------      
                            0x000000    0x000002      
                            0x000004    0x000062      
                            0x002007    0x002007      
            99 out of 1094 program addresses used, program memory utilization is 9%



                              Symbols - Sorted by Name
                     Name    Address   Location    Storage File                     
                ---------  ---------  ---------  --------- ---------                
                    CSEND   0x00004d    program     static C:\Users\tttar\MPLABXProjects\SMP9_2.X\SMP9_2.asm
                  CSENDLP   0x000052    program     static C:\Users\tttar\MPLABXProjects\SMP9_2.X\SMP9_2.asm
                    LOOP2   0x00005f    program     static C:\Users\tttar\MPLABXProjects\SMP9_2.X\SMP9_2.asm
                     MAIN   0x000043    program     static C:\Users\tttar\MPLABXProjects\SMP9_2.X\SMP9_2.asm
                   MAINLP   0x00004c    program     static C:\Users\tttar\MPLABXProjects\SMP9_2.X\SMP9_2.asm
                  TIME104   0x00005d    program     static C:\Users\tttar\MPLABXProjects\SMP9_2.X\SMP9_2.asm



                              Symbols - Sorted by Address
                     Name    Address   Location    Storage File                     
                ---------  ---------  ---------  --------- ---------                
                     MAIN   0x000043    program     static C:\Users\tttar\MPLABXProjects\SMP9_2.X\SMP9_2.asm
                   MAINLP   0x00004c    program     static C:\Users\tttar\MPLABXProjects\SMP9_2.X\SMP9_2.asm
                    CSEND   0x00004d    program     static C:\Users\tttar\MPLABXProjects\SMP9_2.X\SMP9_2.asm
                  CSENDLP   0x000052    program     static C:\Users\tttar\MPLABXProjects\SMP9_2.X\SMP9_2.asm
                  TIME104   0x00005d    program     static C:\Users\tttar\MPLABXProjects\SMP9_2.X\SMP9_2.asm
                    LOOP2   0x00005f    program     static C:\Users\tttar\MPLABXProjects\SMP9_2.X\SMP9_2.asm


