MPLINK 5.09, LINKER
Linker Map File - Created Wed Jul 10 10:25:09 2019

                                 Section Info
                  Section       Type    Address   Location Size(Bytes)
                ---------  ---------  ---------  ---------  ---------
                   .org_0       code   0x000000    program   0x000782
                   .cinit    romdata   0x0003c1    program   0x000004
.config_2007_BUILD/DEFAULT/PRODUCTION/SMP5_1.       code   0x002007    program   0x000002



                              Program Memory Usage 
                               Start         End      
                           ---------   ---------      
                            0x000000    0x0003c2      
                            0x002007    0x002007      
            964 out of 1094 program addresses used, program memory utilization is 88%



                              Symbols - Sorted by Name
                     Name    Address   Location    Storage File                     
                ---------  ---------  ---------  --------- ---------                
                  A1_LOOP   0x00026f    program     static C:\Users\tttar\MPLABXProjects\SMP5_1.X\SMP5_1.asm
                  A2_LOOP   0x000273    program     static C:\Users\tttar\MPLABXProjects\SMP5_1.X\SMP5_1.asm
                  A3_LOOP   0x000277    program     static C:\Users\tttar\MPLABXProjects\SMP5_1.X\SMP5_1.asm
                       A5   0x00025f    program     static C:\Users\tttar\MPLABXProjects\SMP5_1.X\SMP5_1.asm
                    A5_16   0x0001a5    program     static C:\Users\tttar\MPLABXProjects\SMP5_1.X\SMP5_1.asm
               A5_16_LOOP   0x0001a9    program     static C:\Users\tttar\MPLABXProjects\SMP5_1.X\SMP5_1.asm
                    A5_32   0x00037b    program     static C:\Users\tttar\MPLABXProjects\SMP5_1.X\SMP5_1.asm
               A5_32_LOOP   0x00037f    program     static C:\Users\tttar\MPLABXProjects\SMP5_1.X\SMP5_1.asm
                     A5_4   0x0000e9    program     static C:\Users\tttar\MPLABXProjects\SMP5_1.X\SMP5_1.asm
                A5_4_LOOP   0x0000ed    program     static C:\Users\tttar\MPLABXProjects\SMP5_1.X\SMP5_1.asm
                     A5_8   0x000151    program     static C:\Users\tttar\MPLABXProjects\SMP5_1.X\SMP5_1.asm
                A5_8_LOOP   0x000155    program     static C:\Users\tttar\MPLABXProjects\SMP5_1.X\SMP5_1.asm
                 AS1_LOOP   0x000253    program     static C:\Users\tttar\MPLABXProjects\SMP5_1.X\SMP5_1.asm
                 AS2_LOOP   0x000257    program     static C:\Users\tttar\MPLABXProjects\SMP5_1.X\SMP5_1.asm
                 AS3_LOOP   0x00025b    program     static C:\Users\tttar\MPLABXProjects\SMP5_1.X\SMP5_1.asm
                      AS5   0x00024c    program     static C:\Users\tttar\MPLABXProjects\SMP5_1.X\SMP5_1.asm
                   AS5_16   0x000198    program     static C:\Users\tttar\MPLABXProjects\SMP5_1.X\SMP5_1.asm
              AS5_16_LOOP   0x00019c    program     static C:\Users\tttar\MPLABXProjects\SMP5_1.X\SMP5_1.asm
                    AS5_4   0x0000f1    program     static C:\Users\tttar\MPLABXProjects\SMP5_1.X\SMP5_1.asm
               AS5_4_LOOP   0x0000f5    program     static C:\Users\tttar\MPLABXProjects\SMP5_1.X\SMP5_1.asm
                    AS5_8   0x000159    program     static C:\Users\tttar\MPLABXProjects\SMP5_1.X\SMP5_1.asm
               AS5_8_LOOP   0x00015d    program     static C:\Users\tttar\MPLABXProjects\SMP5_1.X\SMP5_1.asm
                    AS5_L   0x00022f    program     static C:\Users\tttar\MPLABXProjects\SMP5_1.X\SMP5_1.asm
               AS5_L_LOOP   0x000233    program     static C:\Users\tttar\MPLABXProjects\SMP5_1.X\SMP5_1.asm
                  B1_LOOP   0x000240    program     static C:\Users\tttar\MPLABXProjects\SMP5_1.X\SMP5_1.asm
                  B2_LOOP   0x000244    program     static C:\Users\tttar\MPLABXProjects\SMP5_1.X\SMP5_1.asm
                  B3_LOOP   0x000248    program     static C:\Users\tttar\MPLABXProjects\SMP5_1.X\SMP5_1.asm
                       B5   0x000237    program     static C:\Users\tttar\MPLABXProjects\SMP5_1.X\SMP5_1.asm
                    B5_16   0x00018b    program     static C:\Users\tttar\MPLABXProjects\SMP5_1.X\SMP5_1.asm
               B5_16_LOOP   0x00018f    program     static C:\Users\tttar\MPLABXProjects\SMP5_1.X\SMP5_1.asm
                     B5_4   0x0000f9    program     static C:\Users\tttar\MPLABXProjects\SMP5_1.X\SMP5_1.asm
                B5_4_LOOP   0x0000fd    program     static C:\Users\tttar\MPLABXProjects\SMP5_1.X\SMP5_1.asm
                     B5_8   0x000161    program     static C:\Users\tttar\MPLABXProjects\SMP5_1.X\SMP5_1.asm
                B5_8_LOOP   0x000165    program     static C:\Users\tttar\MPLABXProjects\SMP5_1.X\SMP5_1.asm
                     B5_L   0x000227    program     static C:\Users\tttar\MPLABXProjects\SMP5_1.X\SMP5_1.asm
                   B5_L_8   0x000171    program     static C:\Users\tttar\MPLABXProjects\SMP5_1.X\SMP5_1.asm
              B5_L_8_LOOP   0x000175    program     static C:\Users\tttar\MPLABXProjects\SMP5_1.X\SMP5_1.asm
                B5_L_LOOP   0x00022b    program     static C:\Users\tttar\MPLABXProjects\SMP5_1.X\SMP5_1.asm
                C1_H_LOOP   0x000362    program     static C:\Users\tttar\MPLABXProjects\SMP5_1.X\SMP5_1.asm
                  C1_LOOP   0x000342    program     static C:\Users\tttar\MPLABXProjects\SMP5_1.X\SMP5_1.asm
                C2_H_LOOP   0x000366    program     static C:\Users\tttar\MPLABXProjects\SMP5_1.X\SMP5_1.asm
                  C2_LOOP   0x000346    program     static C:\Users\tttar\MPLABXProjects\SMP5_1.X\SMP5_1.asm
                C3_H_LOOP   0x00036a    program     static C:\Users\tttar\MPLABXProjects\SMP5_1.X\SMP5_1.asm
                  C3_LOOP   0x00034a    program     static C:\Users\tttar\MPLABXProjects\SMP5_1.X\SMP5_1.asm
                       C5   0x00033a    program     static C:\Users\tttar\MPLABXProjects\SMP5_1.X\SMP5_1.asm
                    C5_16   0x00021a    program     static C:\Users\tttar\MPLABXProjects\SMP5_1.X\SMP5_1.asm
               C5_16_LOOP   0x00021e    program     static C:\Users\tttar\MPLABXProjects\SMP5_1.X\SMP5_1.asm
                     C5_4   0x0000a1    program     static C:\Users\tttar\MPLABXProjects\SMP5_1.X\SMP5_1.asm
                C5_4_LOOP   0x0000a5    program     static C:\Users\tttar\MPLABXProjects\SMP5_1.X\SMP5_1.asm
                     C5_8   0x000109    program     static C:\Users\tttar\MPLABXProjects\SMP5_1.X\SMP5_1.asm
                C5_8_LOOP   0x00010d    program     static C:\Users\tttar\MPLABXProjects\SMP5_1.X\SMP5_1.asm
                       C6   0x00034e    program     static C:\Users\tttar\MPLABXProjects\SMP5_1.X\SMP5_1.asm
                    C6_16   0x00017e    program     static C:\Users\tttar\MPLABXProjects\SMP5_1.X\SMP5_1.asm
               C6_16_LOOP   0x000182    program     static C:\Users\tttar\MPLABXProjects\SMP5_1.X\SMP5_1.asm
                     C6_4   0x000101    program     static C:\Users\tttar\MPLABXProjects\SMP5_1.X\SMP5_1.asm
                C6_4_LOOP   0x000105    program     static C:\Users\tttar\MPLABXProjects\SMP5_1.X\SMP5_1.asm
                     C6_8   0x000169    program     static C:\Users\tttar\MPLABXProjects\SMP5_1.X\SMP5_1.asm
                C6_8_LOOP   0x00016d    program     static C:\Users\tttar\MPLABXProjects\SMP5_1.X\SMP5_1.asm
                 CS1_LOOP   0x00032e    program     static C:\Users\tttar\MPLABXProjects\SMP5_1.X\SMP5_1.asm
                 CS2_LOOP   0x000332    program     static C:\Users\tttar\MPLABXProjects\SMP5_1.X\SMP5_1.asm
                 CS3_LOOP   0x000336    program     static C:\Users\tttar\MPLABXProjects\SMP5_1.X\SMP5_1.asm
                      CS5   0x000321    program     static C:\Users\tttar\MPLABXProjects\SMP5_1.X\SMP5_1.asm
                   CS5_16   0x00020d    program     static C:\Users\tttar\MPLABXProjects\SMP5_1.X\SMP5_1.asm
              CS5_16_LOOP   0x000211    program     static C:\Users\tttar\MPLABXProjects\SMP5_1.X\SMP5_1.asm
                    CS5_4   0x0000a9    program     static C:\Users\tttar\MPLABXProjects\SMP5_1.X\SMP5_1.asm
               CS5_4_LOOP   0x0000ad    program     static C:\Users\tttar\MPLABXProjects\SMP5_1.X\SMP5_1.asm
                    CS5_8   0x000111    program     static C:\Users\tttar\MPLABXProjects\SMP5_1.X\SMP5_1.asm
               CS5_8_LOOP   0x000115    program     static C:\Users\tttar\MPLABXProjects\SMP5_1.X\SMP5_1.asm
                  D1_LOOP   0x000315    program     static C:\Users\tttar\MPLABXProjects\SMP5_1.X\SMP5_1.asm
                  D2_LOOP   0x000319    program     static C:\Users\tttar\MPLABXProjects\SMP5_1.X\SMP5_1.asm
                  D3_LOOP   0x00031d    program     static C:\Users\tttar\MPLABXProjects\SMP5_1.X\SMP5_1.asm
                       D5   0x000303    program     static C:\Users\tttar\MPLABXProjects\SMP5_1.X\SMP5_1.asm
                    D5_16   0x000200    program     static C:\Users\tttar\MPLABXProjects\SMP5_1.X\SMP5_1.asm
               D5_16_LOOP   0x000204    program     static C:\Users\tttar\MPLABXProjects\SMP5_1.X\SMP5_1.asm
                    D5_32   0x00036e    program     static C:\Users\tttar\MPLABXProjects\SMP5_1.X\SMP5_1.asm
               D5_32_LOOP   0x000372    program     static C:\Users\tttar\MPLABXProjects\SMP5_1.X\SMP5_1.asm
                     D5_4   0x0000b1    program     static C:\Users\tttar\MPLABXProjects\SMP5_1.X\SMP5_1.asm
                D5_4_LOOP   0x0000b5    program     static C:\Users\tttar\MPLABXProjects\SMP5_1.X\SMP5_1.asm
                     D5_8   0x000119    program     static C:\Users\tttar\MPLABXProjects\SMP5_1.X\SMP5_1.asm
                D5_8_LOOP   0x00011d    program     static C:\Users\tttar\MPLABXProjects\SMP5_1.X\SMP5_1.asm
                 DELAY_16   0x000388    program     static C:\Users\tttar\MPLABXProjects\SMP5_1.X\SMP5_1.asm
            DELAY_16_LOOP   0x00038e    program     static C:\Users\tttar\MPLABXProjects\SMP5_1.X\SMP5_1.asm
                  DELAY_4   0x00039a    program     static C:\Users\tttar\MPLABXProjects\SMP5_1.X\SMP5_1.asm
             DELAY_4_LOOP   0x0003a0    program     static C:\Users\tttar\MPLABXProjects\SMP5_1.X\SMP5_1.asm
                  DELAY_8   0x000391    program     static C:\Users\tttar\MPLABXProjects\SMP5_1.X\SMP5_1.asm
             DELAY_8_LOOP   0x000397    program     static C:\Users\tttar\MPLABXProjects\SMP5_1.X\SMP5_1.asm
                 DS1_LOOP   0x0002f7    program     static C:\Users\tttar\MPLABXProjects\SMP5_1.X\SMP5_1.asm
                 DS2_LOOP   0x0002fb    program     static C:\Users\tttar\MPLABXProjects\SMP5_1.X\SMP5_1.asm
                 DS3_LOOP   0x0002ff    program     static C:\Users\tttar\MPLABXProjects\SMP5_1.X\SMP5_1.asm
                      DS5   0x0002f0    program     static C:\Users\tttar\MPLABXProjects\SMP5_1.X\SMP5_1.asm
                   DS5_16   0x0001f3    program     static C:\Users\tttar\MPLABXProjects\SMP5_1.X\SMP5_1.asm
              DS5_16_LOOP   0x0001f7    program     static C:\Users\tttar\MPLABXProjects\SMP5_1.X\SMP5_1.asm
                    DS5_4   0x0000b9    program     static C:\Users\tttar\MPLABXProjects\SMP5_1.X\SMP5_1.asm
               DS5_4_LOOP   0x0000bd    program     static C:\Users\tttar\MPLABXProjects\SMP5_1.X\SMP5_1.asm
                    DS5_8   0x000121    program     static C:\Users\tttar\MPLABXProjects\SMP5_1.X\SMP5_1.asm
               DS5_8_LOOP   0x000125    program     static C:\Users\tttar\MPLABXProjects\SMP5_1.X\SMP5_1.asm
                  E1_LOOP   0x0002e4    program     static C:\Users\tttar\MPLABXProjects\SMP5_1.X\SMP5_1.asm
                  E2_LOOP   0x0002e8    program     static C:\Users\tttar\MPLABXProjects\SMP5_1.X\SMP5_1.asm
                  E3_LOOP   0x0002ec    program     static C:\Users\tttar\MPLABXProjects\SMP5_1.X\SMP5_1.asm
                       E5   0x0002da    program     static C:\Users\tttar\MPLABXProjects\SMP5_1.X\SMP5_1.asm
                    E5_16   0x0001e6    program     static C:\Users\tttar\MPLABXProjects\SMP5_1.X\SMP5_1.asm
               E5_16_LOOP   0x0001ea    program     static C:\Users\tttar\MPLABXProjects\SMP5_1.X\SMP5_1.asm
                     E5_4   0x0000c1    program     static C:\Users\tttar\MPLABXProjects\SMP5_1.X\SMP5_1.asm
                E5_4_LOOP   0x0000c5    program     static C:\Users\tttar\MPLABXProjects\SMP5_1.X\SMP5_1.asm
                     E5_8   0x000129    program     static C:\Users\tttar\MPLABXProjects\SMP5_1.X\SMP5_1.asm
                E5_8_LOOP   0x00012d    program     static C:\Users\tttar\MPLABXProjects\SMP5_1.X\SMP5_1.asm
                  F1_LOOP   0x0002ce    program     static C:\Users\tttar\MPLABXProjects\SMP5_1.X\SMP5_1.asm
                  F2_LOOP   0x0002d2    program     static C:\Users\tttar\MPLABXProjects\SMP5_1.X\SMP5_1.asm
                  F3_LOOP   0x0002d6    program     static C:\Users\tttar\MPLABXProjects\SMP5_1.X\SMP5_1.asm
                       F5   0x0002c4    program     static C:\Users\tttar\MPLABXProjects\SMP5_1.X\SMP5_1.asm
                    F5_16   0x0001d9    program     static C:\Users\tttar\MPLABXProjects\SMP5_1.X\SMP5_1.asm
               F5_16_LOOP   0x0001dd    program     static C:\Users\tttar\MPLABXProjects\SMP5_1.X\SMP5_1.asm
                     F5_4   0x0000c9    program     static C:\Users\tttar\MPLABXProjects\SMP5_1.X\SMP5_1.asm
                F5_4_LOOP   0x0000cd    program     static C:\Users\tttar\MPLABXProjects\SMP5_1.X\SMP5_1.asm
                     F5_8   0x000131    program     static C:\Users\tttar\MPLABXProjects\SMP5_1.X\SMP5_1.asm
                F5_8_LOOP   0x000135    program     static C:\Users\tttar\MPLABXProjects\SMP5_1.X\SMP5_1.asm
                 FS1_LOOP   0x0002b8    program     static C:\Users\tttar\MPLABXProjects\SMP5_1.X\SMP5_1.asm
                 FS2_LOOP   0x0002bc    program     static C:\Users\tttar\MPLABXProjects\SMP5_1.X\SMP5_1.asm
                 FS3_LOOP   0x0002c0    program     static C:\Users\tttar\MPLABXProjects\SMP5_1.X\SMP5_1.asm
                      FS5   0x0002b1    program     static C:\Users\tttar\MPLABXProjects\SMP5_1.X\SMP5_1.asm
                   FS5_16   0x0001cc    program     static C:\Users\tttar\MPLABXProjects\SMP5_1.X\SMP5_1.asm
              FS5_16_LOOP   0x0001d0    program     static C:\Users\tttar\MPLABXProjects\SMP5_1.X\SMP5_1.asm
                    FS5_4   0x0000d1    program     static C:\Users\tttar\MPLABXProjects\SMP5_1.X\SMP5_1.asm
               FS5_4_LOOP   0x0000d5    program     static C:\Users\tttar\MPLABXProjects\SMP5_1.X\SMP5_1.asm
                    FS5_8   0x000139    program     static C:\Users\tttar\MPLABXProjects\SMP5_1.X\SMP5_1.asm
               FS5_8_LOOP   0x00013d    program     static C:\Users\tttar\MPLABXProjects\SMP5_1.X\SMP5_1.asm
                  G1_LOOP   0x0002a5    program     static C:\Users\tttar\MPLABXProjects\SMP5_1.X\SMP5_1.asm
                  G2_LOOP   0x0002a9    program     static C:\Users\tttar\MPLABXProjects\SMP5_1.X\SMP5_1.asm
                  G3_LOOP   0x0002ad    program     static C:\Users\tttar\MPLABXProjects\SMP5_1.X\SMP5_1.asm
                       G5   0x000298    program     static C:\Users\tttar\MPLABXProjects\SMP5_1.X\SMP5_1.asm
                    G5_16   0x0001bf    program     static C:\Users\tttar\MPLABXProjects\SMP5_1.X\SMP5_1.asm
               G5_16_LOOP   0x0001c3    program     static C:\Users\tttar\MPLABXProjects\SMP5_1.X\SMP5_1.asm
                     G5_4   0x0000d9    program     static C:\Users\tttar\MPLABXProjects\SMP5_1.X\SMP5_1.asm
                G5_4_LOOP   0x0000dd    program     static C:\Users\tttar\MPLABXProjects\SMP5_1.X\SMP5_1.asm
                     G5_8   0x000141    program     static C:\Users\tttar\MPLABXProjects\SMP5_1.X\SMP5_1.asm
                G5_8_LOOP   0x000145    program     static C:\Users\tttar\MPLABXProjects\SMP5_1.X\SMP5_1.asm
                 GS1_LOOP   0x00028c    program     static C:\Users\tttar\MPLABXProjects\SMP5_1.X\SMP5_1.asm
                 GS2_LOOP   0x000290    program     static C:\Users\tttar\MPLABXProjects\SMP5_1.X\SMP5_1.asm
                 GS3_LOOP   0x000294    program     static C:\Users\tttar\MPLABXProjects\SMP5_1.X\SMP5_1.asm
                      GS5   0x00027b    program     static C:\Users\tttar\MPLABXProjects\SMP5_1.X\SMP5_1.asm
                   GS5_16   0x0001b2    program     static C:\Users\tttar\MPLABXProjects\SMP5_1.X\SMP5_1.asm
              GS5_16_LOOP   0x0001b6    program     static C:\Users\tttar\MPLABXProjects\SMP5_1.X\SMP5_1.asm
                    GS5_4   0x0000e1    program     static C:\Users\tttar\MPLABXProjects\SMP5_1.X\SMP5_1.asm
               GS5_4_LOOP   0x0000e5    program     static C:\Users\tttar\MPLABXProjects\SMP5_1.X\SMP5_1.asm
                    GS5_8   0x000149    program     static C:\Users\tttar\MPLABXProjects\SMP5_1.X\SMP5_1.asm
               GS5_8_LOOP   0x00014d    program     static C:\Users\tttar\MPLABXProjects\SMP5_1.X\SMP5_1.asm
                    LOOP1   0x0003a5    program     static C:\Users\tttar\MPLABXProjects\SMP5_1.X\SMP5_1.asm
                    LOOP2   0x0003aa    program     static C:\Users\tttar\MPLABXProjects\SMP5_1.X\SMP5_1.asm
                    LOOP3   0x0003b0    program     static C:\Users\tttar\MPLABXProjects\SMP5_1.X\SMP5_1.asm
                     MAIN   0x000000    program     static C:\Users\tttar\MPLABXProjects\SMP5_1.X\SMP5_1.asm
                   MAINLP   0x000004    program     static C:\Users\tttar\MPLABXProjects\SMP5_1.X\SMP5_1.asm
               MYTIMEOUT1   0x0003b4    program     static C:\Users\tttar\MPLABXProjects\SMP5_1.X\SMP5_1.asm
               MYTIMEOUT2   0x0003bd    program     static C:\Users\tttar\MPLABXProjects\SMP5_1.X\SMP5_1.asm
           MYTIMEOUT_LOOP   0x0003ba    program     static C:\Users\tttar\MPLABXProjects\SMP5_1.X\SMP5_1.asm
                    TIME1   0x0003a3    program     static C:\Users\tttar\MPLABXProjects\SMP5_1.X\SMP5_1.asm
                    TIME2   0x0003a8    program     static C:\Users\tttar\MPLABXProjects\SMP5_1.X\SMP5_1.asm
                    TIME3   0x0003ae    program     static C:\Users\tttar\MPLABXProjects\SMP5_1.X\SMP5_1.asm



                              Symbols - Sorted by Address
                     Name    Address   Location    Storage File                     
                ---------  ---------  ---------  --------- ---------                
                     MAIN   0x000000    program     static C:\Users\tttar\MPLABXProjects\SMP5_1.X\SMP5_1.asm
                   MAINLP   0x000004    program     static C:\Users\tttar\MPLABXProjects\SMP5_1.X\SMP5_1.asm
                     C5_4   0x0000a1    program     static C:\Users\tttar\MPLABXProjects\SMP5_1.X\SMP5_1.asm
                C5_4_LOOP   0x0000a5    program     static C:\Users\tttar\MPLABXProjects\SMP5_1.X\SMP5_1.asm
                    CS5_4   0x0000a9    program     static C:\Users\tttar\MPLABXProjects\SMP5_1.X\SMP5_1.asm
               CS5_4_LOOP   0x0000ad    program     static C:\Users\tttar\MPLABXProjects\SMP5_1.X\SMP5_1.asm
                     D5_4   0x0000b1    program     static C:\Users\tttar\MPLABXProjects\SMP5_1.X\SMP5_1.asm
                D5_4_LOOP   0x0000b5    program     static C:\Users\tttar\MPLABXProjects\SMP5_1.X\SMP5_1.asm
                    DS5_4   0x0000b9    program     static C:\Users\tttar\MPLABXProjects\SMP5_1.X\SMP5_1.asm
               DS5_4_LOOP   0x0000bd    program     static C:\Users\tttar\MPLABXProjects\SMP5_1.X\SMP5_1.asm
                     E5_4   0x0000c1    program     static C:\Users\tttar\MPLABXProjects\SMP5_1.X\SMP5_1.asm
                E5_4_LOOP   0x0000c5    program     static C:\Users\tttar\MPLABXProjects\SMP5_1.X\SMP5_1.asm
                     F5_4   0x0000c9    program     static C:\Users\tttar\MPLABXProjects\SMP5_1.X\SMP5_1.asm
                F5_4_LOOP   0x0000cd    program     static C:\Users\tttar\MPLABXProjects\SMP5_1.X\SMP5_1.asm
                    FS5_4   0x0000d1    program     static C:\Users\tttar\MPLABXProjects\SMP5_1.X\SMP5_1.asm
               FS5_4_LOOP   0x0000d5    program     static C:\Users\tttar\MPLABXProjects\SMP5_1.X\SMP5_1.asm
                     G5_4   0x0000d9    program     static C:\Users\tttar\MPLABXProjects\SMP5_1.X\SMP5_1.asm
                G5_4_LOOP   0x0000dd    program     static C:\Users\tttar\MPLABXProjects\SMP5_1.X\SMP5_1.asm
                    GS5_4   0x0000e1    program     static C:\Users\tttar\MPLABXProjects\SMP5_1.X\SMP5_1.asm
               GS5_4_LOOP   0x0000e5    program     static C:\Users\tttar\MPLABXProjects\SMP5_1.X\SMP5_1.asm
                     A5_4   0x0000e9    program     static C:\Users\tttar\MPLABXProjects\SMP5_1.X\SMP5_1.asm
                A5_4_LOOP   0x0000ed    program     static C:\Users\tttar\MPLABXProjects\SMP5_1.X\SMP5_1.asm
                    AS5_4   0x0000f1    program     static C:\Users\tttar\MPLABXProjects\SMP5_1.X\SMP5_1.asm
               AS5_4_LOOP   0x0000f5    program     static C:\Users\tttar\MPLABXProjects\SMP5_1.X\SMP5_1.asm
                     B5_4   0x0000f9    program     static C:\Users\tttar\MPLABXProjects\SMP5_1.X\SMP5_1.asm
                B5_4_LOOP   0x0000fd    program     static C:\Users\tttar\MPLABXProjects\SMP5_1.X\SMP5_1.asm
                     C6_4   0x000101    program     static C:\Users\tttar\MPLABXProjects\SMP5_1.X\SMP5_1.asm
                C6_4_LOOP   0x000105    program     static C:\Users\tttar\MPLABXProjects\SMP5_1.X\SMP5_1.asm
                     C5_8   0x000109    program     static C:\Users\tttar\MPLABXProjects\SMP5_1.X\SMP5_1.asm
                C5_8_LOOP   0x00010d    program     static C:\Users\tttar\MPLABXProjects\SMP5_1.X\SMP5_1.asm
                    CS5_8   0x000111    program     static C:\Users\tttar\MPLABXProjects\SMP5_1.X\SMP5_1.asm
               CS5_8_LOOP   0x000115    program     static C:\Users\tttar\MPLABXProjects\SMP5_1.X\SMP5_1.asm
                     D5_8   0x000119    program     static C:\Users\tttar\MPLABXProjects\SMP5_1.X\SMP5_1.asm
                D5_8_LOOP   0x00011d    program     static C:\Users\tttar\MPLABXProjects\SMP5_1.X\SMP5_1.asm
                    DS5_8   0x000121    program     static C:\Users\tttar\MPLABXProjects\SMP5_1.X\SMP5_1.asm
               DS5_8_LOOP   0x000125    program     static C:\Users\tttar\MPLABXProjects\SMP5_1.X\SMP5_1.asm
                     E5_8   0x000129    program     static C:\Users\tttar\MPLABXProjects\SMP5_1.X\SMP5_1.asm
                E5_8_LOOP   0x00012d    program     static C:\Users\tttar\MPLABXProjects\SMP5_1.X\SMP5_1.asm
                     F5_8   0x000131    program     static C:\Users\tttar\MPLABXProjects\SMP5_1.X\SMP5_1.asm
                F5_8_LOOP   0x000135    program     static C:\Users\tttar\MPLABXProjects\SMP5_1.X\SMP5_1.asm
                    FS5_8   0x000139    program     static C:\Users\tttar\MPLABXProjects\SMP5_1.X\SMP5_1.asm
               FS5_8_LOOP   0x00013d    program     static C:\Users\tttar\MPLABXProjects\SMP5_1.X\SMP5_1.asm
                     G5_8   0x000141    program     static C:\Users\tttar\MPLABXProjects\SMP5_1.X\SMP5_1.asm
                G5_8_LOOP   0x000145    program     static C:\Users\tttar\MPLABXProjects\SMP5_1.X\SMP5_1.asm
                    GS5_8   0x000149    program     static C:\Users\tttar\MPLABXProjects\SMP5_1.X\SMP5_1.asm
               GS5_8_LOOP   0x00014d    program     static C:\Users\tttar\MPLABXProjects\SMP5_1.X\SMP5_1.asm
                     A5_8   0x000151    program     static C:\Users\tttar\MPLABXProjects\SMP5_1.X\SMP5_1.asm
                A5_8_LOOP   0x000155    program     static C:\Users\tttar\MPLABXProjects\SMP5_1.X\SMP5_1.asm
                    AS5_8   0x000159    program     static C:\Users\tttar\MPLABXProjects\SMP5_1.X\SMP5_1.asm
               AS5_8_LOOP   0x00015d    program     static C:\Users\tttar\MPLABXProjects\SMP5_1.X\SMP5_1.asm
                     B5_8   0x000161    program     static C:\Users\tttar\MPLABXProjects\SMP5_1.X\SMP5_1.asm
                B5_8_LOOP   0x000165    program     static C:\Users\tttar\MPLABXProjects\SMP5_1.X\SMP5_1.asm
                     C6_8   0x000169    program     static C:\Users\tttar\MPLABXProjects\SMP5_1.X\SMP5_1.asm
                C6_8_LOOP   0x00016d    program     static C:\Users\tttar\MPLABXProjects\SMP5_1.X\SMP5_1.asm
                   B5_L_8   0x000171    program     static C:\Users\tttar\MPLABXProjects\SMP5_1.X\SMP5_1.asm
              B5_L_8_LOOP   0x000175    program     static C:\Users\tttar\MPLABXProjects\SMP5_1.X\SMP5_1.asm
                    C6_16   0x00017e    program     static C:\Users\tttar\MPLABXProjects\SMP5_1.X\SMP5_1.asm
               C6_16_LOOP   0x000182    program     static C:\Users\tttar\MPLABXProjects\SMP5_1.X\SMP5_1.asm
                    B5_16   0x00018b    program     static C:\Users\tttar\MPLABXProjects\SMP5_1.X\SMP5_1.asm
               B5_16_LOOP   0x00018f    program     static C:\Users\tttar\MPLABXProjects\SMP5_1.X\SMP5_1.asm
                   AS5_16   0x000198    program     static C:\Users\tttar\MPLABXProjects\SMP5_1.X\SMP5_1.asm
              AS5_16_LOOP   0x00019c    program     static C:\Users\tttar\MPLABXProjects\SMP5_1.X\SMP5_1.asm
                    A5_16   0x0001a5    program     static C:\Users\tttar\MPLABXProjects\SMP5_1.X\SMP5_1.asm
               A5_16_LOOP   0x0001a9    program     static C:\Users\tttar\MPLABXProjects\SMP5_1.X\SMP5_1.asm
                   GS5_16   0x0001b2    program     static C:\Users\tttar\MPLABXProjects\SMP5_1.X\SMP5_1.asm
              GS5_16_LOOP   0x0001b6    program     static C:\Users\tttar\MPLABXProjects\SMP5_1.X\SMP5_1.asm
                    G5_16   0x0001bf    program     static C:\Users\tttar\MPLABXProjects\SMP5_1.X\SMP5_1.asm
               G5_16_LOOP   0x0001c3    program     static C:\Users\tttar\MPLABXProjects\SMP5_1.X\SMP5_1.asm
                   FS5_16   0x0001cc    program     static C:\Users\tttar\MPLABXProjects\SMP5_1.X\SMP5_1.asm
              FS5_16_LOOP   0x0001d0    program     static C:\Users\tttar\MPLABXProjects\SMP5_1.X\SMP5_1.asm
                    F5_16   0x0001d9    program     static C:\Users\tttar\MPLABXProjects\SMP5_1.X\SMP5_1.asm
               F5_16_LOOP   0x0001dd    program     static C:\Users\tttar\MPLABXProjects\SMP5_1.X\SMP5_1.asm
                    E5_16   0x0001e6    program     static C:\Users\tttar\MPLABXProjects\SMP5_1.X\SMP5_1.asm
               E5_16_LOOP   0x0001ea    program     static C:\Users\tttar\MPLABXProjects\SMP5_1.X\SMP5_1.asm
                   DS5_16   0x0001f3    program     static C:\Users\tttar\MPLABXProjects\SMP5_1.X\SMP5_1.asm
              DS5_16_LOOP   0x0001f7    program     static C:\Users\tttar\MPLABXProjects\SMP5_1.X\SMP5_1.asm
                    D5_16   0x000200    program     static C:\Users\tttar\MPLABXProjects\SMP5_1.X\SMP5_1.asm
               D5_16_LOOP   0x000204    program     static C:\Users\tttar\MPLABXProjects\SMP5_1.X\SMP5_1.asm
                   CS5_16   0x00020d    program     static C:\Users\tttar\MPLABXProjects\SMP5_1.X\SMP5_1.asm
              CS5_16_LOOP   0x000211    program     static C:\Users\tttar\MPLABXProjects\SMP5_1.X\SMP5_1.asm
                    C5_16   0x00021a    program     static C:\Users\tttar\MPLABXProjects\SMP5_1.X\SMP5_1.asm
               C5_16_LOOP   0x00021e    program     static C:\Users\tttar\MPLABXProjects\SMP5_1.X\SMP5_1.asm
                     B5_L   0x000227    program     static C:\Users\tttar\MPLABXProjects\SMP5_1.X\SMP5_1.asm
                B5_L_LOOP   0x00022b    program     static C:\Users\tttar\MPLABXProjects\SMP5_1.X\SMP5_1.asm
                    AS5_L   0x00022f    program     static C:\Users\tttar\MPLABXProjects\SMP5_1.X\SMP5_1.asm
               AS5_L_LOOP   0x000233    program     static C:\Users\tttar\MPLABXProjects\SMP5_1.X\SMP5_1.asm
                       B5   0x000237    program     static C:\Users\tttar\MPLABXProjects\SMP5_1.X\SMP5_1.asm
                  B1_LOOP   0x000240    program     static C:\Users\tttar\MPLABXProjects\SMP5_1.X\SMP5_1.asm
                  B2_LOOP   0x000244    program     static C:\Users\tttar\MPLABXProjects\SMP5_1.X\SMP5_1.asm
                  B3_LOOP   0x000248    program     static C:\Users\tttar\MPLABXProjects\SMP5_1.X\SMP5_1.asm
                      AS5   0x00024c    program     static C:\Users\tttar\MPLABXProjects\SMP5_1.X\SMP5_1.asm
                 AS1_LOOP   0x000253    program     static C:\Users\tttar\MPLABXProjects\SMP5_1.X\SMP5_1.asm
                 AS2_LOOP   0x000257    program     static C:\Users\tttar\MPLABXProjects\SMP5_1.X\SMP5_1.asm
                 AS3_LOOP   0x00025b    program     static C:\Users\tttar\MPLABXProjects\SMP5_1.X\SMP5_1.asm
                       A5   0x00025f    program     static C:\Users\tttar\MPLABXProjects\SMP5_1.X\SMP5_1.asm
                  A1_LOOP   0x00026f    program     static C:\Users\tttar\MPLABXProjects\SMP5_1.X\SMP5_1.asm
                  A2_LOOP   0x000273    program     static C:\Users\tttar\MPLABXProjects\SMP5_1.X\SMP5_1.asm
                  A3_LOOP   0x000277    program     static C:\Users\tttar\MPLABXProjects\SMP5_1.X\SMP5_1.asm
                      GS5   0x00027b    program     static C:\Users\tttar\MPLABXProjects\SMP5_1.X\SMP5_1.asm
                 GS1_LOOP   0x00028c    program     static C:\Users\tttar\MPLABXProjects\SMP5_1.X\SMP5_1.asm
                 GS2_LOOP   0x000290    program     static C:\Users\tttar\MPLABXProjects\SMP5_1.X\SMP5_1.asm
                 GS3_LOOP   0x000294    program     static C:\Users\tttar\MPLABXProjects\SMP5_1.X\SMP5_1.asm
                       G5   0x000298    program     static C:\Users\tttar\MPLABXProjects\SMP5_1.X\SMP5_1.asm
                  G1_LOOP   0x0002a5    program     static C:\Users\tttar\MPLABXProjects\SMP5_1.X\SMP5_1.asm
                  G2_LOOP   0x0002a9    program     static C:\Users\tttar\MPLABXProjects\SMP5_1.X\SMP5_1.asm
                  G3_LOOP   0x0002ad    program     static C:\Users\tttar\MPLABXProjects\SMP5_1.X\SMP5_1.asm
                      FS5   0x0002b1    program     static C:\Users\tttar\MPLABXProjects\SMP5_1.X\SMP5_1.asm
                 FS1_LOOP   0x0002b8    program     static C:\Users\tttar\MPLABXProjects\SMP5_1.X\SMP5_1.asm
                 FS2_LOOP   0x0002bc    program     static C:\Users\tttar\MPLABXProjects\SMP5_1.X\SMP5_1.asm
                 FS3_LOOP   0x0002c0    program     static C:\Users\tttar\MPLABXProjects\SMP5_1.X\SMP5_1.asm
                       F5   0x0002c4    program     static C:\Users\tttar\MPLABXProjects\SMP5_1.X\SMP5_1.asm
                  F1_LOOP   0x0002ce    program     static C:\Users\tttar\MPLABXProjects\SMP5_1.X\SMP5_1.asm
                  F2_LOOP   0x0002d2    program     static C:\Users\tttar\MPLABXProjects\SMP5_1.X\SMP5_1.asm
                  F3_LOOP   0x0002d6    program     static C:\Users\tttar\MPLABXProjects\SMP5_1.X\SMP5_1.asm
                       E5   0x0002da    program     static C:\Users\tttar\MPLABXProjects\SMP5_1.X\SMP5_1.asm
                  E1_LOOP   0x0002e4    program     static C:\Users\tttar\MPLABXProjects\SMP5_1.X\SMP5_1.asm
                  E2_LOOP   0x0002e8    program     static C:\Users\tttar\MPLABXProjects\SMP5_1.X\SMP5_1.asm
                  E3_LOOP   0x0002ec    program     static C:\Users\tttar\MPLABXProjects\SMP5_1.X\SMP5_1.asm
                      DS5   0x0002f0    program     static C:\Users\tttar\MPLABXProjects\SMP5_1.X\SMP5_1.asm
                 DS1_LOOP   0x0002f7    program     static C:\Users\tttar\MPLABXProjects\SMP5_1.X\SMP5_1.asm
                 DS2_LOOP   0x0002fb    program     static C:\Users\tttar\MPLABXProjects\SMP5_1.X\SMP5_1.asm
                 DS3_LOOP   0x0002ff    program     static C:\Users\tttar\MPLABXProjects\SMP5_1.X\SMP5_1.asm
                       D5   0x000303    program     static C:\Users\tttar\MPLABXProjects\SMP5_1.X\SMP5_1.asm
                  D1_LOOP   0x000315    program     static C:\Users\tttar\MPLABXProjects\SMP5_1.X\SMP5_1.asm
                  D2_LOOP   0x000319    program     static C:\Users\tttar\MPLABXProjects\SMP5_1.X\SMP5_1.asm
                  D3_LOOP   0x00031d    program     static C:\Users\tttar\MPLABXProjects\SMP5_1.X\SMP5_1.asm
                      CS5   0x000321    program     static C:\Users\tttar\MPLABXProjects\SMP5_1.X\SMP5_1.asm
                 CS1_LOOP   0x00032e    program     static C:\Users\tttar\MPLABXProjects\SMP5_1.X\SMP5_1.asm
                 CS2_LOOP   0x000332    program     static C:\Users\tttar\MPLABXProjects\SMP5_1.X\SMP5_1.asm
                 CS3_LOOP   0x000336    program     static C:\Users\tttar\MPLABXProjects\SMP5_1.X\SMP5_1.asm
                       C5   0x00033a    program     static C:\Users\tttar\MPLABXProjects\SMP5_1.X\SMP5_1.asm
                  C1_LOOP   0x000342    program     static C:\Users\tttar\MPLABXProjects\SMP5_1.X\SMP5_1.asm
                  C2_LOOP   0x000346    program     static C:\Users\tttar\MPLABXProjects\SMP5_1.X\SMP5_1.asm
                  C3_LOOP   0x00034a    program     static C:\Users\tttar\MPLABXProjects\SMP5_1.X\SMP5_1.asm
                       C6   0x00034e    program     static C:\Users\tttar\MPLABXProjects\SMP5_1.X\SMP5_1.asm
                C1_H_LOOP   0x000362    program     static C:\Users\tttar\MPLABXProjects\SMP5_1.X\SMP5_1.asm
                C2_H_LOOP   0x000366    program     static C:\Users\tttar\MPLABXProjects\SMP5_1.X\SMP5_1.asm
                C3_H_LOOP   0x00036a    program     static C:\Users\tttar\MPLABXProjects\SMP5_1.X\SMP5_1.asm
                    D5_32   0x00036e    program     static C:\Users\tttar\MPLABXProjects\SMP5_1.X\SMP5_1.asm
               D5_32_LOOP   0x000372    program     static C:\Users\tttar\MPLABXProjects\SMP5_1.X\SMP5_1.asm
                    A5_32   0x00037b    program     static C:\Users\tttar\MPLABXProjects\SMP5_1.X\SMP5_1.asm
               A5_32_LOOP   0x00037f    program     static C:\Users\tttar\MPLABXProjects\SMP5_1.X\SMP5_1.asm
                 DELAY_16   0x000388    program     static C:\Users\tttar\MPLABXProjects\SMP5_1.X\SMP5_1.asm
            DELAY_16_LOOP   0x00038e    program     static C:\Users\tttar\MPLABXProjects\SMP5_1.X\SMP5_1.asm
                  DELAY_8   0x000391    program     static C:\Users\tttar\MPLABXProjects\SMP5_1.X\SMP5_1.asm
             DELAY_8_LOOP   0x000397    program     static C:\Users\tttar\MPLABXProjects\SMP5_1.X\SMP5_1.asm
                  DELAY_4   0x00039a    program     static C:\Users\tttar\MPLABXProjects\SMP5_1.X\SMP5_1.asm
             DELAY_4_LOOP   0x0003a0    program     static C:\Users\tttar\MPLABXProjects\SMP5_1.X\SMP5_1.asm
                    TIME1   0x0003a3    program     static C:\Users\tttar\MPLABXProjects\SMP5_1.X\SMP5_1.asm
                    LOOP1   0x0003a5    program     static C:\Users\tttar\MPLABXProjects\SMP5_1.X\SMP5_1.asm
                    TIME2   0x0003a8    program     static C:\Users\tttar\MPLABXProjects\SMP5_1.X\SMP5_1.asm
                    LOOP2   0x0003aa    program     static C:\Users\tttar\MPLABXProjects\SMP5_1.X\SMP5_1.asm
                    TIME3   0x0003ae    program     static C:\Users\tttar\MPLABXProjects\SMP5_1.X\SMP5_1.asm
                    LOOP3   0x0003b0    program     static C:\Users\tttar\MPLABXProjects\SMP5_1.X\SMP5_1.asm
               MYTIMEOUT1   0x0003b4    program     static C:\Users\tttar\MPLABXProjects\SMP5_1.X\SMP5_1.asm
           MYTIMEOUT_LOOP   0x0003ba    program     static C:\Users\tttar\MPLABXProjects\SMP5_1.X\SMP5_1.asm
               MYTIMEOUT2   0x0003bd    program     static C:\Users\tttar\MPLABXProjects\SMP5_1.X\SMP5_1.asm


