MPLINK 5.09, LINKER
Linker Map File - Created Wed Jun 12 08:21:52 2019

                                 Section Info
                  Section       Type    Address   Location Size(Bytes)
                ---------  ---------  ---------  ---------  ---------
                   .org_0       code   0x000000    program   0x00003c
                   .cinit    romdata   0x00001e    program   0x000004
.config_2007_BUILD/DEFAULT/PRODUCTION/SMP4_1.       code   0x002007    program   0x000002



                              Program Memory Usage 
                               Start         End      
                           ---------   ---------      
                            0x000000    0x00001f      
                            0x002007    0x002007      
            33 out of 1094 program addresses used, program memory utilization is 3%



                              Symbols - Sorted by Name
                     Name    Address   Location    Storage File                     
                ---------  ---------  ---------  --------- ---------                
                    LOOP1   0x00000d    program     static C:\Users\tttar\MPLABXProjects\SMP4_1.X\SMP4_1.asm
                    LOOP2   0x000014    program     static C:\Users\tttar\MPLABXProjects\SMP4_1.X\SMP4_1.asm
                    LOOP3   0x00001a    program     static C:\Users\tttar\MPLABXProjects\SMP4_1.X\SMP4_1.asm
                     MAIN   0x000000    program     static C:\Users\tttar\MPLABXProjects\SMP4_1.X\SMP4_1.asm
                   MAINLP   0x000003    program     static C:\Users\tttar\MPLABXProjects\SMP4_1.X\SMP4_1.asm
                   TIME05   0x000018    program     static C:\Users\tttar\MPLABXProjects\SMP4_1.X\SMP4_1.asm
                 TIME100U   0x000009    program     static C:\Users\tttar\MPLABXProjects\SMP4_1.X\SMP4_1.asm
                  TIME10M   0x000010    program     static C:\Users\tttar\MPLABXProjects\SMP4_1.X\SMP4_1.asm



                              Symbols - Sorted by Address
                     Name    Address   Location    Storage File                     
                ---------  ---------  ---------  --------- ---------                
                     MAIN   0x000000    program     static C:\Users\tttar\MPLABXProjects\SMP4_1.X\SMP4_1.asm
                   MAINLP   0x000003    program     static C:\Users\tttar\MPLABXProjects\SMP4_1.X\SMP4_1.asm
                 TIME100U   0x000009    program     static C:\Users\tttar\MPLABXProjects\SMP4_1.X\SMP4_1.asm
                    LOOP1   0x00000d    program     static C:\Users\tttar\MPLABXProjects\SMP4_1.X\SMP4_1.asm
                  TIME10M   0x000010    program     static C:\Users\tttar\MPLABXProjects\SMP4_1.X\SMP4_1.asm
                    LOOP2   0x000014    program     static C:\Users\tttar\MPLABXProjects\SMP4_1.X\SMP4_1.asm
                   TIME05   0x000018    program     static C:\Users\tttar\MPLABXProjects\SMP4_1.X\SMP4_1.asm
                    LOOP3   0x00001a    program     static C:\Users\tttar\MPLABXProjects\SMP4_1.X\SMP4_1.asm


